action/warishApplicationActions.ts(70,27): error TS2551: Property 'gpProfileId' does not exist on type 'WarishApplicationCreateInput'. Did you mean 'gpProfile'?
app/(protected)/admindashboard/manage-warish/approve/[id]/page.tsx(25,28): error TS2352: Conversion of type '{ warishDetails: { name: string; id: string; gpProfileId: string | null; gender: Gender; createdAt: Date; updatedAt: Date; relation: FamilyRelationship; ... 4 more ...; warishApplicationId: string; }[]; } & { ...; }' to type 'WarishApplicationProps' may be a mistake because neither type sufficiently overlaps with the other. If this was intentional, convert the expression to 'unknown' first.
  Types of property 'warishDetails' are incompatible.
    Type '{ name: string; id: string; gpProfileId: string | null; gender: Gender; createdAt: Date; updatedAt: Date; relation: FamilyRelationship; parentId: string | null; maritialStatus: MaritialStatus; livingStatus: LivingStatus; hasbandName: string | null; warishApplicationId: string; }[]' is not comparable to type 'WarishDetailProps[]'.
      Property 'children' is missing in type '{ name: string; id: string; gpProfileId: string | null; gender: Gender; createdAt: Date; updatedAt: Date; relation: FamilyRelationship; parentId: string | null; maritialStatus: MaritialStatus; livingStatus: LivingStatus; hasbandName: string | null; warishApplicationId: string; }' but required in type 'WarishDetailProps'.
app/(protected)/admindashboard/manage-warish/approve/page.tsx(19,10): error TS2352: Conversion of type '{ id: string; gpProfileId: string | null; gender: Gender; villageName: string; userId: string | null; createdAt: Date; updatedAt: Date; applicantName: string; postOffice: string; ... 18 more ...; digitallySigned: boolean; }[]' to type 'WarishApplicationProps[]' may be a mistake because neither type sufficiently overlaps with the other. If this was intentional, convert the expression to 'unknown' first.
  Property 'warishDetails' is missing in type '{ id: string; gpProfileId: string | null; gender: Gender; villageName: string; userId: string | null; createdAt: Date; updatedAt: Date; applicantName: string; postOffice: string; ... 18 more ...; digitallySigned: boolean; }' but required in type 'WarishApplicationProps'.
components/form/WarishForm/constants.ts(3,14): error TS2741: Property 'gpProfileId' is missing in type '{ reportingDate: Date; applicantName: string; applicantMobileNumber: string; nameOfDeceased: string; dateOfDeath: Date; gender: "male"; maritialStatus: "unmarried"; fatherName: string; ... 4 more ...; warishDetails: { ...; }[]; }' but required in type '{ gpProfileId: string; gender: "other" | "male" | "female"; villageName: string; warishDetails: any[]; applicantName: string; postOffice: string; reportingDate: Date; applicantMobileNumber: string; ... 6 more ...; deathcertificate?: File | undefined; }'.
components/form/WarishForm/warish-edit-form.tsx(57,22): error TS2345: Argument of type '{ reportingDate: Date; dateOfDeath: Date; spouseName: string | undefined; gpProfile: { id: string; createdAt: Date; updatedAt: Date; gpname: string; gpaddress: string; nameinprodhan: string; ... 6 more ...; menuControls: string[]; } | null; ... 24 more ...; digitallySigned: boolean; }' is not assignable to parameter of type '{ gpProfileId: string; gender: "other" | "male" | "female"; villageName: string; applicantName: string; postOffice: string; reportingDate: Date; applicantMobileNumber: string; ... 5 more ...; spouseName?: string | undefined; } | { ...; } | ResetAction<...> | undefined'.
  Type '{ reportingDate: Date; dateOfDeath: Date; spouseName: string | undefined; gpProfile: { id: string; createdAt: Date; updatedAt: Date; gpname: string; gpaddress: string; nameinprodhan: string; ... 6 more ...; menuControls: string[]; } | null; ... 24 more ...; digitallySigned: boolean; }' is not assignable to type '{ gpProfileId: string; gender: "other" | "male" | "female"; villageName: string; applicantName: string; postOffice: string; reportingDate: Date; applicantMobileNumber: string; ... 5 more ...; spouseName?: string | undefined; } | { ...; }'.
    Type '{ reportingDate: Date; dateOfDeath: Date; spouseName: string | undefined; gpProfile: { id: string; createdAt: Date; updatedAt: Date; gpname: string; gpaddress: string; nameinprodhan: string; ... 6 more ...; menuControls: string[]; } | null; ... 24 more ...; digitallySigned: boolean; }' is not assignable to type '{ gpProfileId?: string | undefined; gender?: "other" | "male" | "female" | undefined; villageName?: string | undefined; applicantName?: string | undefined; postOffice?: string | undefined; ... 7 more ...; spouseName?: string | undefined; }'.
      Types of property 'gpProfileId' are incompatible.
        Type 'string | null' is not assignable to type 'string | undefined'.
          Type 'null' is not assignable to type 'string | undefined'.
